{
  _type: 'element',
  tags: null,
  links: null,
  _stage: 'layouted',
  sourcePath: 'diagrams/view.c4',
  description: {
    txt: 'High-level overview of ACME apps',
  },
  title: 'System Overview',
  id: 'index',
  autoLayout: {
    direction: 'TB',
  },
  hash: 'hSjboixoXtZw_sjb6jqIEoNm9VXEzEkKI_yh3OuhVrg',
  bounds: {
    x: -6,
    y: -20,
    width: 925,
    height: 919,
  },
  nodes: [
    {
      id: 'coyote',
      parent: null,
      level: 0,
      children: [],
      inEdges: [],
      outEdges: [
        '1xvt07t',
      ],
      title: 'Wile E. Coyote',
      modelRef: 'coyote',
      shape: 'person',
      color: 'green',
      style: {
        opacity: 15,
        size: 'md',
      },
      description: {
        txt: 'The main user of the ACME Web App, trying to catch the Roadrunner',
      },
      tags: [],
      kind: 'actor',
      x: 48,
      y: 0,
      width: 352,
      height: 180,
      labelBBox: {
        x: 18,
        y: 56,
        width: 317,
        height: 65,
      },
      navigateTo: null,
      links: null,
    },
    {
      id: 'acme',
      parent: null,
      level: 0,
      children: [
        'acme.ui',
        'acme.api',
        'acme.db',
      ],
      inEdges: [
        '1xvt07t',
      ],
      outEdges: [],
      title: 'ACME Web App',
      modelRef: 'acme',
      shape: 'rectangle',
      color: 'primary',
      style: {
        opacity: 15,
        size: 'md',
      },
      description: {
        txt: 'An ACME special app to help that Wile E. Coyote',
      },
      tags: [],
      kind: 'system',
      depth: 1,
      x: 14,
      y: 289,
      width: 885,
      height: 590,
      labelBBox: {
        x: 6,
        y: 0,
        width: 91,
        height: 15,
      },
      navigateTo: null,
      links: null,
    },
    {
      id: 'acme.ui',
      parent: 'acme',
      level: 1,
      children: [],
      inEdges: [
        '1xvt07t',
      ],
      outEdges: [
        '1h7e026',
      ],
      title: 'Web App',
      modelRef: 'acme.ui',
      shape: 'rectangle',
      color: 'primary',
      icon: 'azure:static-apps',
      style: {
        opacity: 15,
        size: 'md',
      },
      description: {
        txt: 'SPA web application for ACME customers to order gadgets and components',
      },
      tags: [],
      technology: 'React / TypeScript',
      kind: 'container',
      x: 56,
      y: 349,
      width: 335,
      height: 180,
      labelBBox: {
        x: 46,
        y: 37,
        width: 274,
        height: 103,
      },
      navigateTo: null,
      links: null,
    },
    {
      id: 'acme.api',
      parent: 'acme',
      level: 1,
      children: [],
      inEdges: [
        '1h7e026',
      ],
      outEdges: [
        '270zg4',
      ],
      title: 'Service API',
      modelRef: 'acme.api',
      shape: 'rectangle',
      color: 'primary',
      icon: 'azure:function-apps',
      style: {
        opacity: 15,
        size: 'md',
      },
      description: {
        txt: 'API powering the UI and providing business logic and data access',
      },
      tags: [],
      technology: '.NET 10',
      kind: 'container',
      x: 505,
      y: 356,
      width: 351,
      height: 180,
      labelBBox: {
        x: 46,
        y: 46,
        width: 290,
        height: 85,
      },
      navigateTo: null,
      links: null,
    },
    {
      id: 'acme.db',
      parent: 'acme',
      level: 1,
      children: [],
      inEdges: [
        '270zg4',
      ],
      outEdges: [],
      title: 'Database',
      modelRef: 'acme.db',
      shape: 'rectangle',
      color: 'primary',
      icon: 'azure:sql-database',
      style: {
        opacity: 15,
        size: 'md',
      },
      description: {
        txt: 'Relational database storing ACME application data',
      },
      tags: [],
      technology: 'SQL Azure',
      kind: 'container',
      x: 504,
      y: 657,
      width: 353,
      height: 180,
      labelBBox: {
        x: 46,
        y: 46,
        width: 292,
        height: 85,
      },
      navigateTo: null,
      links: null,
    },
  ],
  edges: [
    {
      id: '1xvt07t',
      parent: null,
      source: 'coyote',
      target: 'acme.ui',
      label: 'Orders new gadgets and components to \ntrap that pesky Roadrunner',
      relations: [
        '1agev0u',
      ],
      color: 'gray',
      line: 'dashed',
      head: 'normal',
      points: [
        [
          224,
          180,
        ],
        [
          224,
          228,
        ],
        [
          224,
          288,
        ],
        [
          224,
          338,
        ],
      ],
      labelBBox: {
        x: 225,
        y: 241,
        width: 253,
        height: 35,
      },
      controlPoints: null,
      navigateTo: null,
      tags: null,
    },
    {
      id: '1h7e026',
      parent: 'acme',
      source: 'acme.ui',
      target: 'acme.api',
      label: 'UI calls the API to help users',
      relations: [
        'l9rh4l',
      ],
      color: 'gray',
      line: 'dashed',
      head: 'normal',
      technology: 'HTTP / GraphQL',
      points: [
        [
          224,
          529,
        ],
        [
          224,
          575,
        ],
        [
          224,
          633,
        ],
        [
          224,
          682,
        ],
      ],
      labelBBox: {
        x: 426,
        y: 442,
        width: 184,
        height: 39,
      },
      controlPoints: [
        {
          x: 443,
          y: 442,
        },
      ],
      navigateTo: null,
      tags: null,
    },
    {
      id: '270zg4',
      parent: 'acme',
      source: 'acme.api',
      target: 'acme.db',
      label: 'API interacts with database',
      relations: [
        '1446rl4',
      ],
      color: 'gray',
      line: 'dashed',
      head: 'normal',
      technology: 'EF Core',
      points: [
        [
          224,
          872,
        ],
        [
          224,
          919,
        ],
        [
          225,
          976,
        ],
        [
          225,
          1025,
        ],
      ],
      labelBBox: {
        x: 680,
        y: 578,
        width: 174,
        height: 39,
      },
      controlPoints: [
        {
          x: 679,
          y: 589,
        },
      ],
      navigateTo: null,
      tags: null,
    },
  ],
  _layout: 'manual',
}
